samp2k13 ToDo

+ = hinzufügen
- = enfernen
~ = verändern

---------------------------------





BugFixes / simple things
	~ 	Bei /warn (3/3) keinen Kick, sondern einen Timebann erstellen; fixen (Errorcode tritt auf)
	~ 	MOTD \r\n fixen
	~ 	SendNearByMessage Farbe je nach Entfernung verändern
	~	/showmembers (factionid)

	
Dialoge / Design
	~ 	Fraktionskasse: In Dialog packen
	~ 	"/set" ins Scoreboard integrieren
	~ 	Fraktions-Spawns nach LS verschieben
	~	/showme in Dialog packen
	~	SendClientMessage bei fehlendem Führerschein in TextDraw/Label/whatever ändern
	~	Pickups fixen
	
Größere Sachen
	+ 	Uhr
	+	Blitzer
	+	BSN DriveIn

Komplexe Systeme
	+	Handy/SMS System (911)
	+ 	Vehikel System(Engine, KMH, Tank, etc.) http://forum.sa-mp.com/showthread.php?t=222233 http://forum.sa-mp.com/showthread.php?t=228620 http://forum.sa-mp.com/showthread.php?t=87631&highlight=speedo http://forum.sa-mp.com/showthread.php?t=136277
	+ 	Hausystem
	+ 	Banksystem
	+ 	Fraktionskasse
	~ 	Anti Cheat
	+ 	Smartphone App für ingame Anrufe/SMS

Fraktionen

	Polizei:
	+ /tazer (Wenn Wanted > 2)
	+ /medic (Arzt direkt rufen)
	+ Dialog: Scheine entziehen
	+ /ticket (Wenn Wanted = 0)
	+ /duty
	+ Personalausweis + Lizenzen fordern (-> Dialog für giveplayer)

	Arzt:
	+ /heal (Wenn beide im Krankenwagen)

	ADAC:

	Taxifahrer:

	Fahrlehrer:
	+ Dialog: Scheine geben
