samp2k13 Ideen
---------------------------------



--- Polizei:
ab Rang 4: Wanteds entfernen


--- Fahrschule:
Rang 4 und 5 Prüfer: Dürfen Scheine verteilen (Ausbildender Fahrlehrer bekommt trotzdem Anteil, also Spielervariable setzen)
ab Rang 4: Flugscheinvergabe
ab Rang 5: Waffenscheinvergabe


--- Personalausweis:
Soll nichts werden, as jeder hat.
Also hohe Machdauer (3 Tage - 1 Woche).
Neue Spieler bekommen ein Visum, damit nur eingeschränkte Rechte (Kein Auto/Häuserkauf, ...)


--- Drogen: Alkohol und Gras:
Soll etwas "cooles" werden (für Roleplay)
- Drunk level bei Alkohol größer, dafür uU. Crack-Animation und höhere negative Auswirkungen (HP Verlust?)
- Gras: Drunk level niedriger, dafür länger. Leichte positive Auswirkungen
- SetPlayerSkillLevel niedriger

--- Level im Scoreboard:
Ist für die Spieler eine sehr wichtige Anzeige, da sie jeder sehen kann. Hohes Level = hoher Ego-Push.
Um den Suchtfaktor des Servers zu erhöhen, müssen wir daraus also was sehr wertvolles machen.
Niedrige Level müssen einfach erreichbar sein, hohe schwieriger (siehe Diablo 3 Konzept von Blizzard)