samp2k13 Ideen
---------------------------------



--- Polizei:
ab Rang 4: Wanteds entfernen
Tazer birgt die Gefahr für folgeschäden bis hin zum Tod -> nur für schwere Verbrecher, da ansonsten Straftat (mord, Möglichkeit zur Entlassung) und medics werden mehr involviert


--- Fahrschule:
Rang 4 und 5 Prüfer: Dürfen Scheine verteilen (Ausbildender Fahrlehrer bekommt trotzdem Anteil, also Spielervariable setzen)
ab Rang 4: Flugscheinvergabe
ab Rang 5: Waffenscheinvergabe


--- Personalausweis:
Soll nichts werden, as jeder hat.
Also hohe Machdauer (3 Tage - 1 Woche).
Neue Spieler bekommen ein Visum, damit nur eingeschränkte Rechte (Kein Auto/Häuserkauf, ...)
von NPCs


--- Drogen: Alkohol und Gras:
Soll etwas "cooles" werden (für Roleplay)
- Drunk level bei Alkohol größer, dafür uU. Crack-Animation und höhere negative Auswirkungen (HP Verlust?)
- Gras: Drunk level niedriger, dafür länger. Leichte positive Auswirkungen
- SetPlayerSkillLevel niedriger

--- Level im Scoreboard:
Ist für die Spieler eine sehr wichtige Anzeige, da sie jeder sehen kann. Hohes Level = hoher Ego-Push.
Um den Suchtfaktor des Servers zu erhöhen, müssen wir daraus also was sehr wertvolles machen.
Niedrige Level müssen einfach erreichbar sein, hohe schwieriger (siehe Diablo 3 Konzept von Blizzard)


--- SetPlayerFightingStyle verwenden


--- Vehikel
Jedes Vehikel ist unique und wird in der DB gespeichert.
Es ist durch das Nummernschild identifizierbar (Primärkey in der DB). Syntax Nummernschild: Kaufort-CC-ii (BSP: LS-AB-13)
Wenn das Auto kaputt ist wird es aus der DB gelöscht.


--- Bank
- verschiedene Banken mit unterschiedlichen Kontenkosten und Zinssätze 
- ATM: kleine Beträge abheben mit Gebühren
- versicherungen (von NPC)


--- Bus und Bahn
- Buslinien innerhalb der Städte, damit Bahn attraktiv wird
- Busse von NPCs
- Gemeinsames Ticket


- Flughafen
- Für player planes


---Tod
-muss was besonderes sein-> Medics mehr involviert
-von Freunden zum Krankenhaus gefahren werden -> dort an nem Checkpoint revived "notaufnahme" -> gibt Geld für medics/Staat -> dafür hat man x Minuten, Timer für playerid
-krankenstationen in ls und sf werden dafür enabled



--- Tankstellen
- befüllbar