samp2k13 ToDo

+ = hinzufügen
- = enfernen
~ = verändern

---------------------------------





BugFixes / simple things
	~ 	Bei OnPlayerConnect richtig auf Ban prüfen
	+	Autoradio
	~	/tazer & Chat testen
	+	Wanted Variable
	+	Gemeinsamer Funkchat für Polizei und Arzt (Frequenzen)
	
Dialoge / Design
	~ 	Fraktionskasse: In Dialog packen
	~ 	"/set" ins Scoreboard integrieren
	~ 	Fraktions-Spawns nach LS verschieben
	~	/showme, /showmembers in Dialog packen
	~	SendClientMessage bei fehlendem Führerschein in TextDraw/Label/whatever ändern
	~	Pickups fixen
	~ 	MOTD fixen: \r\n wird ausgegeben anstatt eine neue Zeile angefangen 
	
Größere Sachen
	+ 	Uhr (nur anzeigen, wenn man eine gekauft hat + attachment armbanduhr ?)
	+	Blitzer
	+	BSN DriveIn
	+	PayDay System
	+ 	/spectate
	
Komplexe Systeme
	+	Handy/SMS System (911)
	+ 	Vehikel System(Engine, KMH, Tank, etc.) http://forum.sa-mp.com/showthread.php?t=222233 http://forum.sa-mp.com/showthread.php?t=228620 http://forum.sa-mp.com/showthread.php?t=87631&highlight=speedo http://forum.sa-mp.com/showthread.php?t=136277
	+ 	Hausystem
	+ 	Banksystem
	+ 	Fraktionskasse
	~ 	Anti Cheat
	+ 	Smartphone App für ingame Anrufe/SMS
	+	Verkehrsschilder hinstellen

Fraktionen

	Polizei:
	+ /medic (Arzt direkt rufen)
	+ Dialog: Scheine entziehen
	+ /ticket (Wenn Wanted = 0)
	+ /duty
	+ Personalausweis + Lizenzen fordern (-> Dialog für giveplayer)

	Arzt:
	+ /heal (Wenn beide im Krankenwagen)

	ADAC:

	Taxifahrer:

	Fahrlehrer:
	+ Dialog: Scheine geben
